abhinav@abhinav-dell:~/CS251assn10$ echo "# cs251-git">>README.md
abhinav@abhinav-dell:~/CS251assn10$ git init
Initialized empty Git repository in /home/abhinav/CS251assn10/.git/
abhinav@abhinav-dell:~/CS251assn10$ git add README.md 
abhinav@abhinav-dell:~/CS251assn10$ git commit -m "first commit"
[master (root-commit) 0be0f18] first commit
 1 file changed, 1 insertion(+)
 create mode 100644 README.md
abhinav@abhinav-dell:~/CS251assn10$ git remote add origin https://github.com/mkant956/cs251-git.git
abhinav@abhinav-dell:~/CS251assn10$ git push -u origin master
Username for 'https://github.com': abhinav008
Password for 'https://abhinav008@github.com': 
Counting objects: 3, done.
Writing objects: 100% (3/3), 225 bytes | 0 bytes/s, done.
Total 3 (delta 0), reused 0 (delta 0)
To https://github.com/mkant956/cs251-git.git
 * [new branch]      master -> master
Branch master set up to track remote branch master from origin.
abhinav@abhinav-dell:~/CS251assn10$ vim
abhinav@abhinav-dell:~/CS251assn10$ vim review1.tex
abhinav@abhinav-dell:~/CS251assn10$ subl review1.tex
abhinav@abhinav-dell:~/CS251assn10$ git add review1.tex
abhinav@abhinav-dell:~/CS251assn10$ git commit -m "my review 1"
[master d50ddac] my review 1
 1 file changed, 35 insertions(+)
 create mode 100644 review1.tex
abhinav@abhinav-dell:~/CS251assn10$ git push
warning: push.default is unset; its implicit value is changing in
Git 2.0 from 'matching' to 'simple'. To squelch this message
and maintain the current behavior after the default changes, use:

  git config --global push.default matching

To squelch this message and adopt the new behavior now, use:

  git config --global push.default simple

When push.default is set to 'matching', git will push local branches
to the remote branches that already exist with the same name.

In Git 2.0, Git will default to the more conservative 'simple'
behavior, which only pushes the current branch to the corresponding
remote branch that 'git pull' uses to update the current branch.

See 'git help config' and search for 'push.default' for further information.
(the 'simple' mode was introduced in Git 1.7.11. Use the similar mode
'current' instead of 'simple' if you sometimes use older versions of Git)

Username for 'https://github.com': abhinav008
Password for 'https://abhinav008@github.com': 
Counting objects: 4, done.
Delta compression using up to 4 threads.
Compressing objects: 100% (3/3), done.
Writing objects: 100% (3/3), 1.65 KiB | 0 bytes/s, done.
Total 3 (delta 0), reused 0 (delta 0)
To https://github.com/mkant956/cs251-git.git
   0be0f18..d50ddac  master -> master
abhinav@abhinav-dell:~/CS251assn10$ git pull
Already up-to-date.
abhinav@abhinav-dell:~/CS251assn10$ git pull
Already up-to-date.
abhinav@abhinav-dell:~/CS251assn10$ git log
commit d50ddac6c5acf143a30b6f6d30d19456dd0f7577
Author: abhinav008 <abhinav.encore2@gmail.com>
Date:   Sun Apr 2 18:12:02 2017 +0530

    my review 1

commit 0be0f1845fd32212b24f7b5e8fdec43a5f49ad08
Author: abhinav008 <abhinav.encore2@gmail.com>
Date:   Sun Apr 2 17:47:24 2017 +0530

    first commit
abhinav@abhinav-dell:~/CS251assn10$ git pull
remote: Counting objects: 3, done.
remote: Compressing objects: 100% (2/2), done.
remote: Total 3 (delta 1), reused 3 (delta 1), pack-reused 0
Unpacking objects: 100% (3/3), done.
From https://github.com/mkant956/cs251-git
   d50ddac..b09ac80  master     -> origin/master
Updating d50ddac..b09ac80
Fast-forward
 review1.tex | 5 ++++-
 1 file changed, 4 insertions(+), 1 deletion(-)
abhinav@abhinav-dell:~/CS251assn10$ git log
commit b09ac80b795339e40f162891727af572a195543a
Author: mkant956eval <kantmadhu956@gmail.com>
Date:   Sun Apr 2 18:17:36 2017 +0530

    mk commits

commit d50ddac6c5acf143a30b6f6d30d19456dd0f7577
Author: abhinav008 <abhinav.encore2@gmail.com>
Date:   Sun Apr 2 18:12:02 2017 +0530

    my review 1

commit 0be0f1845fd32212b24f7b5e8fdec43a5f49ad08
Author: abhinav008 <abhinav.encore2@gmail.com>
Date:   Sun Apr 2 17:47:24 2017 +0530

    first commit
abhinav@abhinav-dell:~/CS251assn10$ subl review1.tex 
abhinav@abhinav-dell:~/CS251assn10$ git commit -m "changes made to the authors and contents"
On branch master
Your branch is up-to-date with 'origin/master'.

Changes not staged for commit:
	modified:   review1.tex

no changes added to commit
abhinav@abhinav-dell:~/CS251assn10$ git add review1.texabhinav@abhinav-dell:~/CS251assn10$ git commit -m "changes made to the authors and contents"
[master 6e433fb] changes made to the authors and contents
 1 file changed, 1 insertion(+), 4 deletions(-)
abhinav@abhinav-dell:~/CS251assn10$ git push
warning: push.default is unset; its implicit value is changing in
Git 2.0 from 'matching' to 'simple'. To squelch this message
and maintain the current behavior after the default changes, use:

  git config --global push.default matching

To squelch this message and adopt the new behavior now, use:

  git config --global push.default simple

When push.default is set to 'matching', git will push local branches
to the remote branches that already exist with the same name.

In Git 2.0, Git will default to the more conservative 'simple'
behavior, which only pushes the current branch to the corresponding
remote branch that 'git pull' uses to update the current branch.

See 'git help config' and search for 'push.default' for further information.
(the 'simple' mode was introduced in Git 1.7.11. Use the similar mode
'current' instead of 'simple' if you sometimes use older versions of Git)

Username for 'https://github.com': abhinav008
Password for 'https://abhinav008@github.com': 
Counting objects: 5, done.
Delta compression using up to 4 threads.
Compressing objects: 100% (3/3), done.
Writing objects: 100% (3/3), 341 bytes | 0 bytes/s, done.
Total 3 (delta 1), reused 0 (delta 0)
remote: Resolving deltas: 100% (1/1), completed with 1 local objects.
To https://github.com/mkant956/cs251-git.git
   b09ac80..6e433fb  master -> master
abhinav@abhinav-dell:~/CS251assn10$ git log
commit 6e433fb7d4bfe95476dd253a0c426bfa05d93acc
Author: abhinav008 <abhinav.encore2@gmail.com>
Date:   Sun Apr 2 18:20:09 2017 +0530

    changes made to the authors and contents

commit b09ac80b795339e40f162891727af572a195543a
Author: mkant956eval <kantmadhu956@gmail.com>
Date:   Sun Apr 2 18:17:36 2017 +0530

    mk commits

commit d50ddac6c5acf143a30b6f6d30d19456dd0f7577
Author: abhinav008 <abhinav.encore2@gmail.com>
Date:   Sun Apr 2 18:12:02 2017 +0530

    my review 1

commit 0be0f1845fd32212b24f7b5e8fdec43a5f49ad08
Author: abhinav008 <abhinav.encore2@gmail.com>
Date:   Sun Apr 2 17:47:24 2017 +0530

    first commit
abhinav@abhinav-dell:~/CS251assn10$ git status
On branch master
Your branch is up-to-date with 'origin/master'.

nothing to commit, working directory clean
abhinav@abhinav-dell:~/CS251assn10$ ls
README.md  review1.tex
abhinav@abhinav-dell:~/CS251assn10$ vim review1.tex 
abhinav@abhinav-dell:~/CS251assn10$ git add review1.tex 
abhinav@abhinav-dell:~/CS251assn10$ git commit -m "corrected spellings"
[master 77eef87] corrected spellings
 1 file changed, 1 insertion(+), 1 deletion(-)
abhinav@abhinav-dell:~/CS251assn10$ git push
warning: push.default is unset; its implicit value is changing in
Git 2.0 from 'matching' to 'simple'. To squelch this message
and maintain the current behavior after the default changes, use:

  git config --global push.default matching

To squelch this message and adopt the new behavior now, use:

  git config --global push.default simple

When push.default is set to 'matching', git will push local branches
to the remote branches that already exist with the same name.

In Git 2.0, Git will default to the more conservative 'simple'
behavior, which only pushes the current branch to the corresponding
remote branch that 'git pull' uses to update the current branch.

See 'git help config' and search for 'push.default' for further information.
(the 'simple' mode was introduced in Git 1.7.11. Use the similar mode
'current' instead of 'simple' if you sometimes use older versions of Git)

Username for 'https://github.com': abhinav008
Password for 'https://abhinav008@github.com': 
To https://github.com/mkant956/cs251-git.git
 ! [rejected]        master -> master (fetch first)
error: failed to push some refs to 'https://github.com/mkant956/cs251-git.git'
hint: Updates were rejected because the remote contains work that you do
hint: not have locally. This is usually caused by another repository pushing
hint: to the same ref. You may want to first integrate the remote changes
hint: (e.g., 'git pull ...') before pushing again.
hint: See the 'Note about fast-forwards' in 'git push --help' for details.
abhinav@abhinav-dell:~/CS251assn10$ git pull
remote: Counting objects: 3, done.
remote: Compressing objects: 100% (2/2), done.
remote: Total 3 (delta 1), reused 3 (delta 1), pack-reused 0
Unpacking objects: 100% (3/3), done.
From https://github.com/mkant956/cs251-git
   6e433fb..f640d89  master     -> origin/master
Auto-merging review1.tex
Merge made by the 'recursive' strategy.
 review1.tex | 2 +-
 1 file changed, 1 insertion(+), 1 deletion(-)
abhinav@abhinav-dell:~/CS251assn10$ subl review1.tex 
abhinav@abhinav-dell:~/CS251assn10$ git push
warning: push.default is unset; its implicit value is changing in
Git 2.0 from 'matching' to 'simple'. To squelch this message
and maintain the current behavior after the default changes, use:

  git config --global push.default matching

To squelch this message and adopt the new behavior now, use:

  git config --global push.default simple

When push.default is set to 'matching', git will push local branches
to the remote branches that already exist with the same name.

In Git 2.0, Git will default to the more conservative 'simple'
behavior, which only pushes the current branch to the corresponding
remote branch that 'git pull' uses to update the current branch.

See 'git help config' and search for 'push.default' for further information.
(the 'simple' mode was introduced in Git 1.7.11. Use the similar mode
'current' instead of 'simple' if you sometimes use older versions of Git)

Username for 'https://github.com': ^C
abhinav@abhinav-dell:~/CS251assn10$ git add review1.tex 
abhinav@abhinav-dell:~/CS251assn10$ git commit -m "corr spell"
On branch master
Your branch is ahead of 'origin/master' by 2 commits.
  (use "git push" to publish your local commits)

nothing to commit, working directory clean
abhinav@abhinav-dell:~/CS251assn10$ git push
warning: push.default is unset; its implicit value is changing in
Git 2.0 from 'matching' to 'simple'. To squelch this message
and maintain the current behavior after the default changes, use:

  git config --global push.default matching

To squelch this message and adopt the new behavior now, use:

  git config --global push.default simple

When push.default is set to 'matching', git will push local branches
to the remote branches that already exist with the same name.

In Git 2.0, Git will default to the more conservative 'simple'
behavior, which only pushes the current branch to the corresponding
remote branch that 'git pull' uses to update the current branch.

See 'git help config' and search for 'push.default' for further information.
(the 'simple' mode was introduced in Git 1.7.11. Use the similar mode
'current' instead of 'simple' if you sometimes use older versions of Git)

Username for 'https://github.com': abhinav008
Password for 'https://abhinav008@github.com': 
Counting objects: 10, done.
Delta compression using up to 4 threads.
Compressing objects: 100% (6/6), done.
Writing objects: 100% (6/6), 703 bytes | 0 bytes/s, done.
Total 6 (delta 2), reused 0 (delta 0)
remote: Resolving deltas: 100% (2/2), completed with 1 local objects.
To https://github.com/mkant956/cs251-git.git
   f640d89..47a24c4  master -> master
abhinav@abhinav-dell:~/CS251assn10$ subl review1.tex 
abhinav@abhinav-dell:~/CS251assn10$ git log
commit 47a24c49f56390704fed59937ef17942ba92ca01
commit 47a24c49f56390704fed59937ef17942ba92ca01
Merge: 77eef87 f640d89
Author: abhinav008 <abhinav.encore2@gmail.com>
Date:   Sun Apr 2 18:36:20 2017 +0530

    Merge branch 'master' of https://github.com/mkant956/cs251-git
    merging for the first time.

commit 77eef87d36ae79ae08ea986de4db806c68071a13
Author: abhinav008 <abhinav.encore2@gmail.com>
Date:   Sun Apr 2 18:33:10 2017 +0530

    corrected spellings

commit f640d89bfa1e37b15c956e2acb7c0ed26130ef78
Author: nileshv1997 <nileshv1997@gmail.com>
Date:   Sun Apr 2 18:30:15 2017 +0530

    modified authors

commit 6e433fb7d4bfe95476dd253a0c426bfa05d93acc
Author: abhinav008 <abhinav.encore2@gmail.com>
Date:   Sun Apr 2 18:20:09 2017 +0530

    changes made to the authors and contents

commit b09ac80b795339e40f162891727af572a195543a
Author: mkant956eval <kantmadhu956@gmail.com>
Date:   Sun Apr 2 18:17:36 2017 +0530

    mk commits

commit d50ddac6c5acf143a30b6f6d30d19456dd0f7577
Author: abhinav008 <abhinav.encore2@gmail.com>
Date:   Sun Apr 2 18:12:02 2017 +0530

    my review 1

commit 0be0f1845fd32212b24f7b5e8fdec43a5f49ad08
abhinav@abhinav-dell:~/CS251assn10$ git pull
remote: Counting objects: 9, done.
remote: Compressing objects: 100% (6/6), done.
remote: Total 9 (delta 3), reused 9 (delta 3), pack-reused 0
Unpacking objects: 100% (9/9), done.
From https://github.com/mkant956/cs251-git
   47a24c4..c73f97e  master     -> origin/master
Updating 47a24c4..c73f97e
Fast-forward
 review1.tex | 1 +
 1 file changed, 1 insertion(+)
abhinav@abhinav-dell:~/CS251assn10$ git log
commit c73f97e43133b25526bfdf239db74e07dbca6d2d
Merge: a1e7bb7 47a24c4
Author: mkant956eval <kantmadhu956@gmail.com>
Date:   Sun Apr 2 18:54:14 2017 +0530

    try

commit a1e7bb7efd161cf4e65db8ae882a579669746df2
Author: mkant956eval <kantmadhu956@gmail.com>
Date:   Sun Apr 2 18:47:16 2017 +0530

    mk commit :_

commit 47a24c49f56390704fed59937ef17942ba92ca01
Merge: 77eef87 f640d89
Author: abhinav008 <abhinav.encore2@gmail.com>
Date:   Sun Apr 2 18:36:20 2017 +0530

    Merge branch 'master' of https://github.com/mkant956/cs251-git
    merging for the first time.

commit 77eef87d36ae79ae08ea986de4db806c68071a13
Author: abhinav008 <abhinav.encore2@gmail.com>
Date:   Sun Apr 2 18:33:10 2017 +0530

    corrected spellings

commit 94b39254e18afbce87025c59186c6fb6d400e5c5
Author: mkant956eval <kantmadhu956@gmail.com>
Date:   Sun Apr 2 18:32:45 2017 +0530

    mk commits

commit f640d89bfa1e37b15c956e2acb7c0ed26130ef78
Author: nileshv1997 <nileshv1997@gmail.com>
Date:   Sun Apr 2 18:30:15 2017 +0530

    modified authors
abhinav@abhinav-dell:~/CS251assn10$ subl review1.tex 
abhinav@abhinav-dell:~/CS251assn10$ git pull
remote: Counting objects: 6, done.
remote: Compressing objects: 100% (4/4), done.
remote: Total 6 (delta 2), reused 6 (delta 2), pack-reused 0
Unpacking objects: 100% (6/6), done.
From https://github.com/mkant956/cs251-git
   c73f97e..cbdbd01  master     -> origin/master
Updating c73f97e..cbdbd01
Fast-forward
 review1.tex | 3 ++-
 1 file changed, 2 insertions(+), 1 deletion(-)
abhinav@abhinav-dell:~/CS251assn10$ subl review1.tex 
abhinav@abhinav-dell:~/CS251assn10$ git checkout -b my_branchAS
Switched to a new branch 'my_branchAS'
abhinav@abhinav-dell:~/CS251assn10$ subl review1.tex 
abhinav@abhinav-dell:~/CS251assn10$ git add review1.tex 
abhinav@abhinav-dell:~/CS251assn10$ git pull
There is no tracking information for the current branch.
Please specify which branch you want to merge with.
See git-pull(1) for details

    git pull <remote> <branch>

If you wish to set tracking information for this branch you can do so with:

    git branch --set-upstream-to=origin/<branch> my_branchAS

abhinav@abhinav-dell:~/CS251assn10$ subl review1.tex 
abhinav@abhinav-dell:~/CS251assn10$ git reset review1.tex
Unstaged changes after reset:
M	review1.tex
abhinav@abhinav-dell:~/CS251assn10$ subl review1.tex 
abhinav@abhinav-dell:~/CS251assn10$ git add review1.tex 
abhinav@abhinav-dell:~/CS251assn10$ git commit -m "testing some random changes"
[my_branchAS 6a85470] testing some random changes
 1 file changed, 1 insertion(+), 1 deletion(-)
abhinav@abhinav-dell:~/CS251assn10$ git push
warning: push.default is unset; its implicit value is changing in
Git 2.0 from 'matching' to 'simple'. To squelch this message
and maintain the current behavior after the default changes, use:

  git config --global push.default matching

To squelch this message and adopt the new behavior now, use:

  git config --global push.default simple

When push.default is set to 'matching', git will push local branches
to the remote branches that already exist with the same name.

In Git 2.0, Git will default to the more conservative 'simple'
behavior, which only pushes the current branch to the corresponding
remote branch that 'git pull' uses to update the current branch.

See 'git help config' and search for 'push.default' for further information.
(the 'simple' mode was introduced in Git 1.7.11. Use the similar mode
'current' instead of 'simple' if you sometimes use older versions of Git)

Username for 'https://github.com': abhinav008
Password for 'https://abhinav008@github.com': 
Everything up-to-date
abhinav@abhinav-dell:~/CS251assn10$ git log
commit 6a85470800ae7bdada2d1296139d3fb62011df0c
Author: abhinav008 <abhinav.encore2@gmail.com>
Date:   Sun Apr 2 19:31:11 2017 +0530

    testing some random changes

commit cbdbd01dc30ccf5f8b0d760ef360cce7662f0073
Merge: 7004c3d c73f97e
Author: nileshv1997 <nileshv1997@gmail.com>
Date:   Sun Apr 2 19:15:26 2017 +0530

    Final change of the day

commit c73f97e43133b25526bfdf239db74e07dbca6d2d
Merge: a1e7bb7 47a24c4
Author: mkant956eval <kantmadhu956@gmail.com>
Date:   Sun Apr 2 18:54:14 2017 +0530

    try

commit 7004c3d676e64cf5e6b190d5311dc9ae8dccd89f
Author: nileshv1997 <nileshv1997@gmail.com>
Date:   Sun Apr 2 18:51:47 2017 +0530

    Last line content changed

commit a1e7bb7efd161cf4e65db8ae882a579669746df2
Author: mkant956eval <kantmadhu956@gmail.com>
Date:   Sun Apr 2 18:47:16 2017 +0530

    mk commit :_

commit 47a24c49f56390704fed59937ef17942ba92ca01
Merge: 77eef87 f640d89
Author: abhinav008 <abhinav.encore2@gmail.com>
Date:   Sun Apr 2 18:36:20 2017 +0530

    Merge branch 'master' of https://github.com/mkant956/cs251-git
    merging for the first time.
abhinav@abhinav-dell:~/CS251assn10$ git push
warning: push.default is unset; its implicit value is changing in
Git 2.0 from 'matching' to 'simple'. To squelch this message
and maintain the current behavior after the default changes, use:

  git config --global push.default matching

To squelch this message and adopt the new behavior now, use:

  git config --global push.default simple

When push.default is set to 'matching', git will push local branches
to the remote branches that already exist with the same name.

In Git 2.0, Git will default to the more conservative 'simple'
behavior, which only pushes the current branch to the corresponding
remote branch that 'git pull' uses to update the current branch.

See 'git help config' and search for 'push.default' for further information.
(the 'simple' mode was introduced in Git 1.7.11. Use the similar mode
'current' instead of 'simple' if you sometimes use older versions of Git)

Username for 'https://github.com': abhinav008
Password for 'https://abhinav008@github.com': 
Everything up-to-date
abhinav@abhinav-dell:~/CS251assn10$ git fetvh
git: 'fetvh' is not a git command. See 'git --help'.

Did you mean this?
	fetch
abhinav@abhinav-dell:~/CS251assn10$ git fetch
remote: Counting objects: 3, done.
remote: Compressing objects: 100% (2/2), done.
remote: Total 3 (delta 1), reused 3 (delta 1), pack-reused 0
Unpacking objects: 100% (3/3), done.
From https://github.com/mkant956/cs251-git
 * [new branch]      mkbranch   -> origin/mkbranch
abhinav@abhinav-dell:~/CS251assn10$ git branch -va
  master                  cbdbd01 Final change of the day
* my_branchAS             6a85470 testing some random changes
  remotes/origin/master   cbdbd01 Final change of the day
  remotes/origin/mkbranch 2c0c39e first time branch commit by mk
abhinav@abhinav-dell:~/CS251assn10$ git checkout master
Switched to branch 'master'
Your branch is up-to-date with 'origin/master'.
abhinav@abhinav-dell:~/CS251assn10$ git pull origin master
From https://github.com/mkant956/cs251-git
 * branch            master     -> FETCH_HEAD
Already up-to-date.
abhinav@abhinav-dell:~/CS251assn10$ git merge my_branchAS
Updating cbdbd01..6a85470
Fast-forward
 review1.tex | 2 +-
 1 file changed, 1 insertion(+), 1 deletion(-)
abhinav@abhinav-dell:~/CS251assn10$ git push origin master
Username for 'https://github.com': abhinav008        
Password for 'https://abhinav008@github.com': 
Counting objects: 7, done.
Delta compression using up to 4 threads.
Compressing objects: 100% (3/3), done.
Writing objects: 100% (3/3), 336 bytes | 0 bytes/s, done.
Total 3 (delta 1), reused 0 (delta 0)
remote: Resolving deltas: 100% (1/1), completed with 1 local objects.
To https://github.com/mkant956/cs251-git.git
   cbdbd01..6a85470  master -> master
abhinav@abhinav-dell:~/CS251assn10$ git log
commit 6a85470800ae7bdada2d1296139d3fb62011df0c
Author: abhinav008 <abhinav.encore2@gmail.com>
Date:   Sun Apr 2 19:31:11 2017 +0530

    testing some random changes

commit cbdbd01dc30ccf5f8b0d760ef360cce7662f0073
Merge: 7004c3d c73f97e
Author: nileshv1997 <nileshv1997@gmail.com>
Date:   Sun Apr 2 19:15:26 2017 +0530

    Final change of the day

commit c73f97e43133b25526bfdf239db74e07dbca6d2d
Merge: a1e7bb7 47a24c4
Author: mkant956eval <kantmadhu956@gmail.com>
Date:   Sun Apr 2 18:54:14 2017 +0530

    try

commit 7004c3d676e64cf5e6b190d5311dc9ae8dccd89f
Author: nileshv1997 <nileshv1997@gmail.com>
Date:   Sun Apr 2 18:51:47 2017 +0530

    Last line content changed

commit a1e7bb7efd161cf4e65db8ae882a579669746df2
Author: mkant956eval <kantmadhu956@gmail.com>
Date:   Sun Apr 2 18:47:16 2017 +0530

    mk commit :_

commit 47a24c49f56390704fed59937ef17942ba92ca01
Merge: 77eef87 f640d89
Author: abhinav008 <abhinav.encore2@gmail.com>
Date:   Sun Apr 2 18:36:20 2017 +0530

    Merge branch 'master' of https://github.com/mkant956/cs251-git
abhinav@abhinav-dell:~/CS251assn10$ git pull
remote: Counting objects: 15, done.
remote: Compressing objects: 100% (10/10), done.
remote: Total 15 (delta 5), reused 15 (delta 5), pack-reused 0
Unpacking objects: 100% (15/15), done.
From https://github.com/mkant956/cs251-git
   6a85470..bbd0dc4  master     -> origin/master
Updating 6a85470..bbd0dc4
Fast-forward
 review1.tex | 10 +++++++---
 1 file changed, 7 insertions(+), 3 deletions(-)
abhinav@abhinav-dell:~/CS251assn10$ subl review1.tex 
abhinav@abhinav-dell:~/CS251assn10$ git log
commit bbd0dc4cbfb609caae9fcdda5f6c9091b0cdb274
Merge: c0a2d16 e53e83f
Author: mkant956eval <kantmadhu956@gmail.com>
Date:   Sun Apr 2 19:55:55 2017 +0530

    Merge branch 'master' of https://github.com/mkant956/cs251-git
    
    pullingwhen nilesh has pushed

commit c0a2d164482a754907993120253b41a7466fa4ff
Merge: 6a85470 2c0c39e
Author: mkant956eval <kantmadhu956@gmail.com>
Date:   Sun Apr 2 19:52:41 2017 +0530

    Merge branch 'mkbranch'
    branch of AS is pulled and nilesh has already pushed the updated one but i m pushing the updated version in AS.

commit e53e83f94aa652958343fc2b1098d793d651fa2a
Merge: 6a85470 bf3ea22
Author: nileshv1997 <nileshv1997@gmail.com>
Date:   Sun Apr 2 19:50:34 2017 +0530

    Merge branch 'nilbranch'
    merging my_branchAS nilbranch with love

commit bf3ea2251bd4b17c9c24e02b135ccdb2c41c98ef
Author: nileshv1997 <nileshv1997@gmail.com>
Date:   Sun Apr 2 19:46:05 2017 +0530

    again pushing

commit 6a85470800ae7bdada2d1296139d3fb62011df0c
Author: abhinav008 <abhinav.encore2@gmail.com>
Date:   Sun Apr 2 19:31:11 2017 +0530

    testing some random changes

commit 92516f925385a61a6e497d2f1bd24e1a21f710c7
Author: nileshv1997 <nileshv1997@gmail.com>
Date:   Sun Apr 2 19:30:39 2017 +0530

    Changed the first movie

commit 2c0c39e51326b13c80ca25210e56c681cd1de36f
Author: mkant956eval <kantmadhu956@gmail.com>
Date:   Sun Apr 2 19:29:38 2017 +0530

    first time branch commit by mk

commit cbdbd01dc30ccf5f8b0d760ef360cce7662f0073
Merge: 7004c3d c73f97e
Author: nileshv1997 <nileshv1997@gmail.com>
Date:   Sun Apr 2 19:15:26 2017 +0530

    Final change of the day

commit c73f97e43133b25526bfdf239db74e07dbca6d2d
Merge: a1e7bb7 47a24c4
Author: mkant956eval <kantmadhu956@gmail.com>
Date:   Sun Apr 2 18:54:14 2017 +0530

    try

commit 7004c3d676e64cf5e6b190d5311dc9ae8dccd89f
Author: nileshv1997 <nileshv1997@gmail.com>
Date:   Sun Apr 2 18:51:47 2017 +0530

    Last line content changed

commit a1e7bb7efd161cf4e65db8ae882a579669746df2
Author: mkant956eval <kantmadhu956@gmail.com>
Date:   Sun Apr 2 18:47:16 2017 +0530

    mk commit :_

commit 47a24c49f56390704fed59937ef17942ba92ca01
Merge: 77eef87 f640d89
Author: abhinav008 <abhinav.encore2@gmail.com>
Date:   Sun Apr 2 18:36:20 2017 +0530

    Merge branch 'master' of https://github.com/mkant956/cs251-git
    merging for the first time.

commit 77eef87d36ae79ae08ea986de4db806c68071a13
Author: abhinav008 <abhinav.encore2@gmail.com>
Date:   Sun Apr 2 18:33:10 2017 +0530

    corrected spellings

commit 94b39254e18afbce87025c59186c6fb6d400e5c5
Author: mkant956eval <kantmadhu956@gmail.com>
Date:   Sun Apr 2 18:32:45 2017 +0530

    mk commits

commit f640d89bfa1e37b15c956e2acb7c0ed26130ef78
Author: nileshv1997 <nileshv1997@gmail.com>
Date:   Sun Apr 2 18:30:15 2017 +0530

    modified authors

commit 6e433fb7d4bfe95476dd253a0c426bfa05d93acc
Author: abhinav008 <abhinav.encore2@gmail.com>
Date:   Sun Apr 2 18:20:09 2017 +0530

    changes made to the authors and contents

commit b09ac80b795339e40f162891727af572a195543a
Author: mkant956eval <kantmadhu956@gmail.com>
Date:   Sun Apr 2 18:17:36 2017 +0530

    mk commits

commit d50ddac6c5acf143a30b6f6d30d19456dd0f7577
Author: abhinav008 <abhinav.encore2@gmail.com>
Date:   Sun Apr 2 18:12:02 2017 +0530

    my review 1

commit 0be0f1845fd32212b24f7b5e8fdec43a5f49ad08
Author: abhinav008 <abhinav.encore2@gmail.com>
Date:   Sun Apr 2 17:47:24 2017 +0530

    first commit